
> portfolio@0.1.0 build
> next build

  Γû▓ Next.js 14.2.35

   Creating an optimized production build ...
node.exe : Failed to 
compile.
At line:1 char:1
+ & "C:\Program 
Files\nodejs/node.exe" 
"C:\Program 
Files\nodejs/node_mo 
...
+ ~~~~~~~~~~~~~~~~~~~~~
~~~~~~~~~~~~~~~~~~~~~~~
~~~~~~~~~~~~~~~~~~~~~~~
~~
    + CategoryInfo     
         : NotSpecifi  
  ed: (Failed to com   
 pile.:String) [],     
RemoteException
    + FullyQualifiedEr 
   rorId : NativeComm  
  andError
 

./src/components/sectio
ns/hero.tsx
Module not found: 
Package path . is not 
exported from package D
:\Animation\3D-interact
ive-portfolio\node_modu
les\@splinetool\react-s
pline (see exports 
field in D:\Animation\3
D-interactive-portfolio
\node_modules\@splineto
ol\react-spline\package
.json)

https://nextjs.org/docs
/messages/module-not-fo
und

Import trace for 
requested module:
./src/app/page.tsx


> Build failed because 
of webpack errors
